// Jest Snapshot v1, https://goo.gl/fbAQLP

exports[`features.home Home should render without crashing 1`] = `
ShallowWrapper {
  Symbol(enzyme.__root__): [Circular],
  Symbol(enzyme.__unrendered__): <Home />,
  Symbol(enzyme.__renderer__): Object {
    "batchedUpdates": [Function],
    "getNode": [Function],
    "render": [Function],
    "simulateError": [Function],
    "simulateEvent": [Function],
    "unmount": [Function],
  },
  Symbol(enzyme.__node__): Object {
    "instance": null,
    "key": undefined,
    "nodeType": "host",
    "props": Object {
      "children": Array [
        "Your Balance: ",
        "£12",
        <div
          className="home__balance-buttons"
        >
          <button
            onClick={[Function]}
          >
            -
          </button>
          <button
            onClick={[Function]}
          >
            +
          </button>
        </div>,
      ],
      "className": "home",
    },
    "ref": null,
    "rendered": Array [
      "Your Balance: ",
      "£12",
      Object {
        "instance": null,
        "key": undefined,
        "nodeType": "host",
        "props": Object {
          "children": Array [
            <button
              onClick={[Function]}
            >
              -
            </button>,
            <button
              onClick={[Function]}
            >
              +
            </button>,
          ],
          "className": "home__balance-buttons",
        },
        "ref": null,
        "rendered": Array [
          Object {
            "instance": null,
            "key": undefined,
            "nodeType": "host",
            "props": Object {
              "children": "-",
              "onClick": [Function],
            },
            "ref": null,
            "rendered": "-",
            "type": "button",
          },
          Object {
            "instance": null,
            "key": undefined,
            "nodeType": "host",
            "props": Object {
              "children": "+",
              "onClick": [Function],
            },
            "ref": null,
            "rendered": "+",
            "type": "button",
          },
        ],
        "type": "div",
      },
    ],
    "type": "div",
  },
  Symbol(enzyme.__nodes__): Array [
    Object {
      "instance": null,
      "key": undefined,
      "nodeType": "host",
      "props": Object {
        "children": Array [
          "Your Balance: ",
          "£12",
          <div
            className="home__balance-buttons"
          >
            <button
              onClick={[Function]}
            >
              -
            </button>
            <button
              onClick={[Function]}
            >
              +
            </button>
          </div>,
        ],
        "className": "home",
      },
      "ref": null,
      "rendered": Array [
        "Your Balance: ",
        "£12",
        Object {
          "instance": null,
          "key": undefined,
          "nodeType": "host",
          "props": Object {
            "children": Array [
              <button
                onClick={[Function]}
              >
                -
              </button>,
              <button
                onClick={[Function]}
              >
                +
              </button>,
            ],
            "className": "home__balance-buttons",
          },
          "ref": null,
          "rendered": Array [
            Object {
              "instance": null,
              "key": undefined,
              "nodeType": "host",
              "props": Object {
                "children": "-",
                "onClick": [Function],
              },
              "ref": null,
              "rendered": "-",
              "type": "button",
            },
            Object {
              "instance": null,
              "key": undefined,
              "nodeType": "host",
              "props": Object {
                "children": "+",
                "onClick": [Function],
              },
              "ref": null,
              "rendered": "+",
              "type": "button",
            },
          ],
          "type": "div",
        },
      ],
      "type": "div",
    },
  ],
  Symbol(enzyme.__options__): Object {
    "adapter": ReactSixteenAdapter {
      "options": Object {
        "enableComponentDidUpdateOnSetState": true,
        "lifecycles": Object {
          "componentDidUpdate": Object {
            "onSetState": true,
          },
          "getDerivedStateFromProps": true,
          "getSnapshotBeforeUpdate": true,
          "setState": Object {
            "skipsComponentDidUpdateOnNullish": true,
          },
        },
      },
    },
  },
}
`;
